[2026-06-12T11:17:44.917+0000] {taskinstance.py:1957} INFO - Dependencies all met for dep_context=non-requeueable deps ti=<TaskInstance: edtech_analytics.analyze_classroom_performance scheduled__2026-06-11T00:00:00+00:00 [queued]>
[2026-06-12T11:17:44.931+0000] {taskinstance.py:1957} INFO - Dependencies all met for dep_context=requeueable deps ti=<TaskInstance: edtech_analytics.analyze_classroom_performance scheduled__2026-06-11T00:00:00+00:00 [queued]>
[2026-06-12T11:17:44.932+0000] {taskinstance.py:2171} INFO - Starting attempt 1 of 2
[2026-06-12T11:17:44.953+0000] {taskinstance.py:2192} INFO - Executing <Task(PythonOperator): analyze_classroom_performance> on 2026-06-11 00:00:00+00:00
[2026-06-12T11:17:44.982+0000] {standard_task_runner.py:60} INFO - Started process 303 to run task
[2026-06-12T11:17:45.010+0000] {standard_task_runner.py:87} INFO - Running: ['***', 'tasks', 'run', 'edtech_analytics', 'analyze_classroom_performance', 'scheduled__2026-06-11T00:00:00+00:00', '--job-id', '3', '--raw', '--subdir', 'DAGS_FOLDER/edtech_dag.py', '--cfg-path', '/tmp/tmp2ky0ueea']
[2026-06-12T11:17:45.018+0000] {standard_task_runner.py:88} INFO - Job 3: Subtask analyze_classroom_performance
[2026-06-12T11:17:45.139+0000] {task_command.py:423} INFO - Running <TaskInstance: edtech_analytics.analyze_classroom_performance scheduled__2026-06-11T00:00:00+00:00 [running]> on host d5c482e41ea7
[2026-06-12T11:17:45.310+0000] {taskinstance.py:2481} INFO - Exporting env vars: AIRFLOW_CTX_DAG_OWNER='edtech_team' AIRFLOW_CTX_DAG_ID='edtech_analytics' AIRFLOW_CTX_TASK_ID='analyze_classroom_performance' AIRFLOW_CTX_EXECUTION_DATE='2026-06-11T00:00:00+00:00' AIRFLOW_CTX_TRY_NUMBER='1' AIRFLOW_CTX_DAG_RUN_ID='scheduled__2026-06-11T00:00:00+00:00'
[2026-06-12T11:17:45.311+0000] {logging_mixin.py:188} INFO - 🎓 Analyse des performances par classe en cours...
[2026-06-12T11:17:45.358+0000] {logging_mixin.py:188} INFO - 
🏆 Performances par classe :
[2026-06-12T11:17:45.358+0000] {logging_mixin.py:188} INFO -   - Cybersec_2025:
[2026-06-12T11:17:45.358+0000] {logging_mixin.py:188} INFO -     • Étudiants: 24
[2026-06-12T11:17:45.358+0000] {logging_mixin.py:188} INFO -     • Événements de streaming: 92
[2026-06-12T11:17:45.360+0000] {logging_mixin.py:188} INFO -     • Complétion moyenne: 55.05%
[2026-06-12T11:17:45.361+0000] {logging_mixin.py:188} INFO -     • Temps de visionnage moyen: 2027.90s
[2026-06-12T11:17:45.361+0000] {logging_mixin.py:188} INFO -   - Cloud_2025:
[2026-06-12T11:17:45.361+0000] {logging_mixin.py:188} INFO -     • Étudiants: 22
[2026-06-12T11:17:45.361+0000] {logging_mixin.py:188} INFO -     • Événements de streaming: 49
[2026-06-12T11:17:45.361+0000] {logging_mixin.py:188} INFO -     • Complétion moyenne: 52.43%
[2026-06-12T11:17:45.361+0000] {logging_mixin.py:188} INFO -     • Temps de visionnage moyen: 1846.31s
[2026-06-12T11:17:45.361+0000] {logging_mixin.py:188} INFO -   - GameDev_2025:
[2026-06-12T11:17:45.361+0000] {logging_mixin.py:188} INFO -     • Étudiants: 20
[2026-06-12T11:17:45.362+0000] {logging_mixin.py:188} INFO -     • Événements de streaming: 50
[2026-06-12T11:17:45.362+0000] {logging_mixin.py:188} INFO -     • Complétion moyenne: 51.66%
[2026-06-12T11:17:45.362+0000] {logging_mixin.py:188} INFO -     • Temps de visionnage moyen: 2102.72s
[2026-06-12T11:17:45.362+0000] {logging_mixin.py:188} INFO -   - Data_2025:
[2026-06-12T11:17:45.362+0000] {logging_mixin.py:188} INFO -     • Étudiants: 26
[2026-06-12T11:17:45.362+0000] {logging_mixin.py:188} INFO -     • Événements de streaming: 80
[2026-06-12T11:17:45.362+0000] {logging_mixin.py:188} INFO -     • Complétion moyenne: 50.06%
[2026-06-12T11:17:45.362+0000] {logging_mixin.py:188} INFO -     • Temps de visionnage moyen: 1914.32s
[2026-06-12T11:17:45.368+0000] {logging_mixin.py:188} INFO -   - DevOps_2025:
[2026-06-12T11:17:45.368+0000] {logging_mixin.py:188} INFO -     • Étudiants: 19
[2026-06-12T11:17:45.368+0000] {logging_mixin.py:188} INFO -     • Événements de streaming: 56
[2026-06-12T11:17:45.368+0000] {logging_mixin.py:188} INFO -     • Complétion moyenne: 49.61%
[2026-06-12T11:17:45.368+0000] {logging_mixin.py:188} INFO -     • Temps de visionnage moyen: 1971.57s
[2026-06-12T11:17:45.368+0000] {logging_mixin.py:188} INFO -   - IA_2025:
[2026-06-12T11:17:45.368+0000] {logging_mixin.py:188} INFO -     • Étudiants: 25
[2026-06-12T11:17:45.369+0000] {logging_mixin.py:188} INFO -     • Événements de streaming: 59
[2026-06-12T11:17:45.369+0000] {logging_mixin.py:188} INFO -     • Complétion moyenne: 49.51%
[2026-06-12T11:17:45.369+0000] {logging_mixin.py:188} INFO -     • Temps de visionnage moyen: 1817.85s
[2026-06-12T11:17:45.369+0000] {logging_mixin.py:188} INFO -   - Web_2025:
[2026-06-12T11:17:45.369+0000] {logging_mixin.py:188} INFO -     • Étudiants: 17
[2026-06-12T11:17:45.369+0000] {logging_mixin.py:188} INFO -     • Événements de streaming: 61
[2026-06-12T11:17:45.369+0000] {logging_mixin.py:188} INFO -     • Complétion moyenne: 49.28%
[2026-06-12T11:17:45.369+0000] {logging_mixin.py:188} INFO -     • Temps de visionnage moyen: 1813.34s
[2026-06-12T11:17:45.372+0000] {logging_mixin.py:188} INFO -   - Mobile_2025:
[2026-06-12T11:17:45.372+0000] {logging_mixin.py:188} INFO -     • Étudiants: 17
[2026-06-12T11:17:45.372+0000] {logging_mixin.py:188} INFO -     • Événements de streaming: 47
[2026-06-12T11:17:45.372+0000] {logging_mixin.py:188} INFO -     • Complétion moyenne: 46.77%
[2026-06-12T11:17:45.372+0000] {logging_mixin.py:188} INFO -     • Temps de visionnage moyen: 1969.19s
[2026-06-12T11:17:45.373+0000] {python.py:201} INFO - Done. Returned value was: None
[2026-06-12T11:17:45.386+0000] {taskinstance.py:1138} INFO - Marking task as SUCCESS. dag_id=edtech_analytics, task_id=analyze_classroom_performance, execution_date=20260611T000000, start_date=20260612T111744, end_date=20260612T111745
[2026-06-12T11:17:45.429+0000] {local_task_job_runner.py:234} INFO - Task exited with return code 0
[2026-06-12T11:17:45.478+0000] {taskinstance.py:3281} INFO - 1 downstream tasks scheduled from follow-on schedule check
