[2026-06-12T11:17:45.737+0000] {taskinstance.py:1957} INFO - Dependencies all met for dep_context=non-requeueable deps ti=<TaskInstance: edtech_analytics.generate_daily_report scheduled__2026-06-11T00:00:00+00:00 [queued]>
[2026-06-12T11:17:45.745+0000] {taskinstance.py:1957} INFO - Dependencies all met for dep_context=requeueable deps ti=<TaskInstance: edtech_analytics.generate_daily_report scheduled__2026-06-11T00:00:00+00:00 [queued]>
[2026-06-12T11:17:45.745+0000] {taskinstance.py:2171} INFO - Starting attempt 1 of 2
[2026-06-12T11:17:45.755+0000] {taskinstance.py:2192} INFO - Executing <Task(PythonOperator): generate_daily_report> on 2026-06-11 00:00:00+00:00
[2026-06-12T11:17:45.760+0000] {standard_task_runner.py:60} INFO - Started process 306 to run task
[2026-06-12T11:17:45.763+0000] {standard_task_runner.py:87} INFO - Running: ['***', 'tasks', 'run', 'edtech_analytics', 'generate_daily_report', 'scheduled__2026-06-11T00:00:00+00:00', '--job-id', '5', '--raw', '--subdir', 'DAGS_FOLDER/edtech_dag.py', '--cfg-path', '/tmp/tmp76vhn2xd']
[2026-06-12T11:17:45.765+0000] {standard_task_runner.py:88} INFO - Job 5: Subtask generate_daily_report
[2026-06-12T11:17:45.811+0000] {task_command.py:423} INFO - Running <TaskInstance: edtech_analytics.generate_daily_report scheduled__2026-06-11T00:00:00+00:00 [running]> on host d5c482e41ea7
[2026-06-12T11:17:45.877+0000] {taskinstance.py:2481} INFO - Exporting env vars: AIRFLOW_CTX_DAG_OWNER='edtech_team' AIRFLOW_CTX_DAG_ID='edtech_analytics' AIRFLOW_CTX_TASK_ID='generate_daily_report' AIRFLOW_CTX_EXECUTION_DATE='2026-06-11T00:00:00+00:00' AIRFLOW_CTX_TRY_NUMBER='1' AIRFLOW_CTX_DAG_RUN_ID='scheduled__2026-06-11T00:00:00+00:00'
[2026-06-12T11:17:45.878+0000] {logging_mixin.py:188} INFO - 📋 Génération du rapport quotidien...
[2026-06-12T11:17:45.883+0000] {logging_mixin.py:188} INFO - 
==================================================
[2026-06-12T11:17:45.883+0000] {logging_mixin.py:188} INFO - 📊 RAPPORT QUOTIDIEN - EdTech Analytics
[2026-06-12T11:17:45.883+0000] {logging_mixin.py:188} INFO - ==================================================
[2026-06-12T11:17:45.883+0000] {logging_mixin.py:188} INFO - 👥 Nombre total d'étudiants: 170
[2026-06-12T11:17:45.883+0000] {logging_mixin.py:188} INFO - 📚 Nombre total de leçons: 2
[2026-06-12T11:17:45.884+0000] {logging_mixin.py:188} INFO - 📺 Événements de streaming: 494
[2026-06-12T11:17:45.884+0000] {logging_mixin.py:188} INFO - ✅ Taux de complétion moyen: 50.86%
[2026-06-12T11:17:45.884+0000] {logging_mixin.py:188} INFO - ==================================================
[2026-06-12T11:17:45.884+0000] {python.py:201} INFO - Done. Returned value was: None
[2026-06-12T11:17:45.893+0000] {taskinstance.py:1138} INFO - Marking task as SUCCESS. dag_id=edtech_analytics, task_id=generate_daily_report, execution_date=20260611T000000, start_date=20260612T111745, end_date=20260612T111745
[2026-06-12T11:17:45.935+0000] {local_task_job_runner.py:234} INFO - Task exited with return code 0
[2026-06-12T11:17:45.950+0000] {taskinstance.py:3281} INFO - 0 downstream tasks scheduled from follow-on schedule check
