[2026-06-12T11:17:44.924+0000] {taskinstance.py:1957} INFO - Dependencies all met for dep_context=non-requeueable deps ti=<TaskInstance: edtech_analytics.analyze_lesson_completion scheduled__2026-06-11T00:00:00+00:00 [queued]>
[2026-06-12T11:17:44.952+0000] {taskinstance.py:1957} INFO - Dependencies all met for dep_context=requeueable deps ti=<TaskInstance: edtech_analytics.analyze_lesson_completion scheduled__2026-06-11T00:00:00+00:00 [queued]>
[2026-06-12T11:17:44.954+0000] {taskinstance.py:2171} INFO - Starting attempt 1 of 2
[2026-06-12T11:17:45.005+0000] {taskinstance.py:2192} INFO - Executing <Task(PythonOperator): analyze_lesson_completion> on 2026-06-11 00:00:00+00:00
[2026-06-12T11:17:45.018+0000] {standard_task_runner.py:60} INFO - Started process 304 to run task
[2026-06-12T11:17:45.030+0000] {standard_task_runner.py:87} INFO - Running: ['***', 'tasks', 'run', 'edtech_analytics', 'analyze_lesson_completion', 'scheduled__2026-06-11T00:00:00+00:00', '--job-id', '4', '--raw', '--subdir', 'DAGS_FOLDER/edtech_dag.py', '--cfg-path', '/tmp/tmp2po__tea']
[2026-06-12T11:17:45.037+0000] {standard_task_runner.py:88} INFO - Job 4: Subtask analyze_lesson_completion
[2026-06-12T11:17:45.164+0000] {task_command.py:423} INFO - Running <TaskInstance: edtech_analytics.analyze_lesson_completion scheduled__2026-06-11T00:00:00+00:00 [running]> on host d5c482e41ea7
[2026-06-12T11:17:45.379+0000] {taskinstance.py:2481} INFO - Exporting env vars: AIRFLOW_CTX_DAG_OWNER='edtech_team' AIRFLOW_CTX_DAG_ID='edtech_analytics' AIRFLOW_CTX_TASK_ID='analyze_lesson_completion' AIRFLOW_CTX_EXECUTION_DATE='2026-06-11T00:00:00+00:00' AIRFLOW_CTX_TRY_NUMBER='1' AIRFLOW_CTX_DAG_RUN_ID='scheduled__2026-06-11T00:00:00+00:00'
[2026-06-12T11:17:45.380+0000] {logging_mixin.py:188} INFO - 📚 Analyse du taux de complétion des leçons en cours...
[2026-06-12T11:17:45.390+0000] {logging_mixin.py:188} INFO - 
📊 Statistiques par leçon :
[2026-06-12T11:17:45.391+0000] {logging_mixin.py:188} INFO -   - Introduction à Docker (DevOps):
[2026-06-12T11:17:45.391+0000] {logging_mixin.py:188} INFO -     • Vues: 241
[2026-06-12T11:17:45.391+0000] {logging_mixin.py:188} INFO -     • Complétion moyenne: 52.26%
[2026-06-12T11:17:45.391+0000] {logging_mixin.py:188} INFO -     • Temps de visionnage moyen: 1965.96s
[2026-06-12T11:17:45.391+0000] {logging_mixin.py:188} INFO -   - Maîtriser Airflow (Data Engineering):
[2026-06-12T11:17:45.392+0000] {logging_mixin.py:188} INFO -     • Vues: 253
[2026-06-12T11:17:45.392+0000] {logging_mixin.py:188} INFO -     • Complétion moyenne: 49.53%
[2026-06-12T11:17:45.392+0000] {logging_mixin.py:188} INFO -     • Temps de visionnage moyen: 1906.52s
[2026-06-12T11:17:45.392+0000] {python.py:201} INFO - Done. Returned value was: None
[2026-06-12T11:17:45.418+0000] {taskinstance.py:1138} INFO - Marking task as SUCCESS. dag_id=edtech_analytics, task_id=analyze_lesson_completion, execution_date=20260611T000000, start_date=20260612T111744, end_date=20260612T111745
[2026-06-12T11:17:45.447+0000] {local_task_job_runner.py:234} INFO - Task exited with return code 0
[2026-06-12T11:17:45.498+0000] {taskinstance.py:3281} INFO - 0 downstream tasks scheduled from follow-on schedule check
